  CustomContainers.cpp
C:\LASALLE SECOND YEAR\Algorithms-and-Data-Patterns\CustomContainers\CustomContainers\CustomContainers.cpp(5,10): warning C4067: unexpected tokens following preprocessor directive - expected a newline
C:\LASALLE SECOND YEAR\Algorithms-and-Data-Patterns\CustomContainers\CustomContainers\CustomContainers.cpp(66,16): warning C4267: 'initializing': conversion from 'size_t' to 'int', possible loss of data
C:\LASALLE SECOND YEAR\Algorithms-and-Data-Patterns\CustomContainers\CustomContainers\CustomContainers.cpp(74,16): warning C4267: 'initializing': conversion from 'size_t' to 'int', possible loss of data
C:\LASALLE SECOND YEAR\Algorithms-and-Data-Patterns\CustomContainers\CustomContainers\CustomContainers.cpp(179,20): warning C4267: 'initializing': conversion from 'size_t' to 'int', possible loss of data
C:\LASALLE SECOND YEAR\Algorithms-and-Data-Patterns\CustomContainers\CustomContainers\CustomContainers.cpp(195,20): warning C4267: 'initializing': conversion from 'size_t' to 'int', possible loss of data
C:\LASALLE SECOND YEAR\Algorithms-and-Data-Patterns\CustomContainers\CustomContainers\Graph.h(42,30): warning C4267: 'return': conversion from 'size_t' to 'int', possible loss of data
  (compiling source file 'CustomContainers.cpp')
      C:\LASALLE SECOND YEAR\Algorithms-and-Data-Patterns\CustomContainers\CustomContainers\Graph.h(42,30):
      the template instantiation context (the oldest one first) is
          C:\LASALLE SECOND YEAR\Algorithms-and-Data-Patterns\CustomContainers\CustomContainers\CustomContainers.cpp(276,17):
          see reference to class template instantiation 'Graph<Tile>' being compiled
          C:\LASALLE SECOND YEAR\Algorithms-and-Data-Patterns\CustomContainers\CustomContainers\Graph.h(34,9):
          while compiling class template member function 'int Graph<Tile>::AddItem(const T *)'
          with
          [
              T=Tile
          ]
              C:\LASALLE SECOND YEAR\Algorithms-and-Data-Patterns\CustomContainers\CustomContainers\CustomContainers.cpp(309,29):
              see the first reference to 'Graph<Tile>::AddItem' in 'TileMapSearch'
  
  CustomContainers.vcxproj -> C:\LASALLE SECOND YEAR\Algorithms-and-Data-Patterns\CustomContainers\x64\Debug\CustomContainers.exe
